Archive member included to satisfy reference by file (symbol)

c:/st/stm32cubeide_1.0.1/stm32cubeide/plugins/com.st.stm32cube.ide.mcu.externaltools.gnu-tools-for-stm32.7-2018-q2-update.win32_1.0.0.201904181610/tools/bin/../lib/gcc/arm-none-eabi/7.3.1/../../../../arm-none-eabi/lib/thumb/v7e-m/fpv5/hard\libc_nano.a(lib_a-errno.o)
                              Src/syscalls.o (__errno)
c:/st/stm32cubeide_1.0.1/stm32cubeide/plugins/com.st.stm32cube.ide.mcu.externaltools.gnu-tools-for-stm32.7-2018-q2-update.win32_1.0.0.201904181610/tools/bin/../lib/gcc/arm-none-eabi/7.3.1/../../../../arm-none-eabi/lib/thumb/v7e-m/fpv5/hard\libc_nano.a(lib_a-exit.o)
                              c:/st/stm32cubeide_1.0.1/stm32cubeide/plugins/com.st.stm32cube.ide.mcu.externaltools.gnu-tools-for-stm32.7-2018-q2-update.win32_1.0.0.201904181610/tools/bin/../lib/gcc/arm-none-eabi/7.3.1/../../../../arm-none-eabi/lib/thumb/v7e-m/fpv5/hard/crt0.o (exit)
c:/st/stm32cubeide_1.0.1/stm32cubeide/plugins/com.st.stm32cube.ide.mcu.externaltools.gnu-tools-for-stm32.7-2018-q2-update.win32_1.0.0.201904181610/tools/bin/../lib/gcc/arm-none-eabi/7.3.1/../../../../arm-none-eabi/lib/thumb/v7e-m/fpv5/hard\libc_nano.a(lib_a-impure.o)
                              c:/st/stm32cubeide_1.0.1/stm32cubeide/plugins/com.st.stm32cube.ide.mcu.externaltools.gnu-tools-for-stm32.7-2018-q2-update.win32_1.0.0.201904181610/tools/bin/../lib/gcc/arm-none-eabi/7.3.1/../../../../arm-none-eabi/lib/thumb/v7e-m/fpv5/hard\libc_nano.a(lib_a-exit.o) (_global_impure_ptr)
c:/st/stm32cubeide_1.0.1/stm32cubeide/plugins/com.st.stm32cube.ide.mcu.externaltools.gnu-tools-for-stm32.7-2018-q2-update.win32_1.0.0.201904181610/tools/bin/../lib/gcc/arm-none-eabi/7.3.1/../../../../arm-none-eabi/lib/thumb/v7e-m/fpv5/hard\libc_nano.a(lib_a-init.o)
                              c:/st/stm32cubeide_1.0.1/stm32cubeide/plugins/com.st.stm32cube.ide.mcu.externaltools.gnu-tools-for-stm32.7-2018-q2-update.win32_1.0.0.201904181610/tools/bin/../lib/gcc/arm-none-eabi/7.3.1/../../../../arm-none-eabi/lib/thumb/v7e-m/fpv5/hard/crt0.o (__libc_init_array)
c:/st/stm32cubeide_1.0.1/stm32cubeide/plugins/com.st.stm32cube.ide.mcu.externaltools.gnu-tools-for-stm32.7-2018-q2-update.win32_1.0.0.201904181610/tools/bin/../lib/gcc/arm-none-eabi/7.3.1/../../../../arm-none-eabi/lib/thumb/v7e-m/fpv5/hard\libc_nano.a(lib_a-memset.o)
                              c:/st/stm32cubeide_1.0.1/stm32cubeide/plugins/com.st.stm32cube.ide.mcu.externaltools.gnu-tools-for-stm32.7-2018-q2-update.win32_1.0.0.201904181610/tools/bin/../lib/gcc/arm-none-eabi/7.3.1/../../../../arm-none-eabi/lib/thumb/v7e-m/fpv5/hard/crt0.o (memset)
c:/st/stm32cubeide_1.0.1/stm32cubeide/plugins/com.st.stm32cube.ide.mcu.externaltools.gnu-tools-for-stm32.7-2018-q2-update.win32_1.0.0.201904181610/tools/bin/../lib/gcc/arm-none-eabi/7.3.1/thumb/v7e-m/fpv5/hard\libgcc.a(_aeabi_uldivmod.o)
                              Drivers/STM32F7xx_HAL_Driver/Src/stm32f7xx_hal_rcc.o (__aeabi_uldivmod)
c:/st/stm32cubeide_1.0.1/stm32cubeide/plugins/com.st.stm32cube.ide.mcu.externaltools.gnu-tools-for-stm32.7-2018-q2-update.win32_1.0.0.201904181610/tools/bin/../lib/gcc/arm-none-eabi/7.3.1/thumb/v7e-m/fpv5/hard\libgcc.a(_udivmoddi4.o)
                              c:/st/stm32cubeide_1.0.1/stm32cubeide/plugins/com.st.stm32cube.ide.mcu.externaltools.gnu-tools-for-stm32.7-2018-q2-update.win32_1.0.0.201904181610/tools/bin/../lib/gcc/arm-none-eabi/7.3.1/thumb/v7e-m/fpv5/hard\libgcc.a(_aeabi_uldivmod.o) (__udivmoddi4)
c:/st/stm32cubeide_1.0.1/stm32cubeide/plugins/com.st.stm32cube.ide.mcu.externaltools.gnu-tools-for-stm32.7-2018-q2-update.win32_1.0.0.201904181610/tools/bin/../lib/gcc/arm-none-eabi/7.3.1/thumb/v7e-m/fpv5/hard\libgcc.a(_dvmd_tls.o)
                              c:/st/stm32cubeide_1.0.1/stm32cubeide/plugins/com.st.stm32cube.ide.mcu.externaltools.gnu-tools-for-stm32.7-2018-q2-update.win32_1.0.0.201904181610/tools/bin/../lib/gcc/arm-none-eabi/7.3.1/thumb/v7e-m/fpv5/hard\libgcc.a(_aeabi_uldivmod.o) (__aeabi_ldiv0)

Allocating common symbols
Common symbol       size              file

huart3              0x80              Src/usart.o
uwTick              0x4               Drivers/STM32F7xx_HAL_Driver/Src/stm32f7xx_hal.o
pFlash              0x1c              Drivers/STM32F7xx_HAL_Driver/Src/stm32f7xx_hal_flash.o

Discarded input sections

 .text          0x0000000000000000        0x0 c:/st/stm32cubeide_1.0.1/stm32cubeide/plugins/com.st.stm32cube.ide.mcu.externaltools.gnu-tools-for-stm32.7-2018-q2-update.win32_1.0.0.201904181610/tools/bin/../lib/gcc/arm-none-eabi/7.3.1/thumb/v7e-m/fpv5/hard/crti.o
 .data          0x0000000000000000        0x0 c:/st/stm32cubeide_1.0.1/stm32cubeide/plugins/com.st.stm32cube.ide.mcu.externaltools.gnu-tools-for-stm32.7-2018-q2-update.win32_1.0.0.201904181610/tools/bin/../lib/gcc/arm-none-eabi/7.3.1/thumb/v7e-m/fpv5/hard/crti.o
[...]
Memory Configuration

Name             Origin             Length             Attributes
RAM              0x0000000020000000 0x0000000000080000 xrw
FLASH            0x0000000008000000 0x0000000000200000 xr
*default*        0x0000000000000000 0xffffffffffffffff

Linker script and memory map

LOAD c:/st/stm32cubeide_1.0.1/stm32cubeide/plugins/com.st.stm32cube.ide.mcu.externaltools.gnu-tools-for-stm32.7-2018-q2-update.win32_1.0.0.201904181610/tools/bin/../lib/gcc/arm-none-eabi/7.3.1/thumb/v7e-m/fpv5/hard/crti.o
LOAD c:/st/stm32cubeide_1.0.1/stm32cubeide/plugins/com.st.stm32cube.ide.mcu.externaltools.gnu-tools-for-stm32.7-2018-q2-update.win32_1.0.0.201904181610/tools/bin/../lib/gcc/arm-none-eabi/7.3.1/thumb/v7e-m/fpv5/hard/crtbegin.o
LOAD c:/st/stm32cubeide_1.0.1/stm32cubeide/plugins/com.st.stm32cube.ide.mcu.externaltools.gnu-tools-for-stm32.7-2018-q2-update.win32_1.0.0.201904181610/tools/bin/../lib/gcc/arm-none-eabi/7.3.1/../../../../arm-none-eabi/lib/thumb/v7e-m/fpv5/hard/crt0.o
LOAD Drivers/STM32F7xx_HAL_Driver/Src/stm32f7xx_hal.o
LOAD Drivers/STM32F7xx_HAL_Driver/Src/stm32f7xx_hal_cortex.o
LOAD Drivers/STM32F7xx_HAL_Driver/Src/stm32f7xx_hal_dma.o
LOAD Drivers/STM32F7xx_HAL_Driver/Src/stm32f7xx_hal_dma_ex.o
LOAD Drivers/STM32F7xx_HAL_Driver/Src/stm32f7xx_hal_exti.o
LOAD Drivers/STM32F7xx_HAL_Driver/Src/stm32f7xx_hal_flash.o
LOAD Drivers/STM32F7xx_HAL_Driver/Src/stm32f7xx_hal_flash_ex.o
LOAD Drivers/STM32F7xx_HAL_Driver/Src/stm32f7xx_hal_gpio.o
LOAD Drivers/STM32F7xx_HAL_Driver/Src/stm32f7xx_hal_i2c.o
LOAD Drivers/STM32F7xx_HAL_Driver/Src/stm32f7xx_hal_i2c_ex.o
LOAD Drivers/STM32F7xx_HAL_Driver/Src/stm32f7xx_hal_pwr.o
LOAD Drivers/STM32F7xx_HAL_Driver/Src/stm32f7xx_hal_pwr_ex.o
LOAD Drivers/STM32F7xx_HAL_Driver/Src/stm32f7xx_hal_rcc.o
LOAD Drivers/STM32F7xx_HAL_Driver/Src/stm32f7xx_hal_rcc_ex.o
LOAD Drivers/STM32F7xx_HAL_Driver/Src/stm32f7xx_hal_tim.o
LOAD Drivers/STM32F7xx_HAL_Driver/Src/stm32f7xx_hal_tim_ex.o
LOAD Drivers/STM32F7xx_HAL_Driver/Src/stm32f7xx_hal_uart.o
LOAD Drivers/STM32F7xx_HAL_Driver/Src/stm32f7xx_hal_uart_ex.o
LOAD Src/Uart3.o
LOAD Src/gpio.o
LOAD Src/main.o
LOAD Src/stm32f7xx_hal_msp.o
LOAD Src/stm32f7xx_it.o
LOAD Src/syscalls.o
LOAD Src/sysmem.o
LOAD Src/system_stm32f7xx.o
LOAD Src/usart.o
LOAD Startup/startup_stm32f767zitx.o
START GROUP
LOAD c:/st/stm32cubeide_1.0.1/stm32cubeide/plugins/com.st.stm32cube.ide.mcu.externaltools.gnu-tools-for-stm32.7-2018-q2-update.win32_1.0.0.201904181610/tools/bin/../lib/gcc/arm-none-eabi/7.3.1/../../../../arm-none-eabi/lib/thumb/v7e-m/fpv5/hard\libstdc++_nano.a
LOAD c:/st/stm32cubeide_1.0.1/stm32cubeide/plugins/com.st.stm32cube.ide.mcu.externaltools.gnu-tools-for-stm32.7-2018-q2-update.win32_1.0.0.201904181610/tools/bin/../lib/gcc/arm-none-eabi/7.3.1/../../../../arm-none-eabi/lib/thumb/v7e-m/fpv5/hard\libsupc++_nano.a
END GROUP
LOAD c:/st/stm32cubeide_1.0.1/stm32cubeide/plugins/com.st.stm32cube.ide.mcu.externaltools.gnu-tools-for-stm32.7-2018-q2-update.win32_1.0.0.201904181610/tools/bin/../lib/gcc/arm-none-eabi/7.3.1/../../../../arm-none-eabi/lib/thumb/v7e-m/fpv5/hard\libstdc++_nano.a
LOAD c:/st/stm32cubeide_1.0.1/stm32cubeide/plugins/com.st.stm32cube.ide.mcu.externaltools.gnu-tools-for-stm32.7-2018-q2-update.win32_1.0.0.201904181610/tools/bin/../lib/gcc/arm-none-eabi/7.3.1/../../../../arm-none-eabi/lib/thumb/v7e-m/fpv5/hard\libm.a
LOAD c:/st/stm32cubeide_1.0.1/stm32cubeide/plugins/com.st.stm32cube.ide.mcu.externaltools.gnu-tools-for-stm32.7-2018-q2-update.win32_1.0.0.201904181610/tools/bin/../lib/gcc/arm-none-eabi/7.3.1/../../../../arm-none-eabi/lib/thumb/v7e-m/fpv5/hard\libc_nano.a
START GROUP
LOAD c:/st/stm32cubeide_1.0.1/stm32cubeide/plugins/com.st.stm32cube.ide.mcu.externaltools.gnu-tools-for-stm32.7-2018-q2-update.win32_1.0.0.201904181610/tools/bin/../lib/gcc/arm-none-eabi/7.3.1/thumb/v7e-m/fpv5/hard\libgcc.a
LOAD c:/st/stm32cubeide_1.0.1/stm32cubeide/plugins/com.st.stm32cube.ide.mcu.externaltools.gnu-tools-for-stm32.7-2018-q2-update.win32_1.0.0.201904181610/tools/bin/../lib/gcc/arm-none-eabi/7.3.1/../../../../arm-none-eabi/lib/thumb/v7e-m/fpv5/hard\libc_nano.a
END GROUP
START GROUP
LOAD c:/st/stm32cubeide_1.0.1/stm32cubeide/plugins/com.st.stm32cube.ide.mcu.externaltools.gnu-tools-for-stm32.7-2018-q2-update.win32_1.0.0.201904181610/tools/bin/../lib/gcc/arm-none-eabi/7.3.1/thumb/v7e-m/fpv5/hard\libgcc.a
LOAD c:/st/stm32cubeide_1.0.1/stm32cubeide/plugins/com.st.stm32cube.ide.mcu.externaltools.gnu-tools-for-stm32.7-2018-q2-update.win32_1.0.0.201904181610/tools/bin/../lib/gcc/arm-none-eabi/7.3.1/../../../../arm-none-eabi/lib/thumb/v7e-m/fpv5/hard\libc_nano.a
LOAD c:/st/stm32cubeide_1.0.1/stm32cubeide/plugins/com.st.stm32cube.ide.mcu.externaltools.gnu-tools-for-stm32.7-2018-q2-update.win32_1.0.0.201904181610/tools/bin/../lib/gcc/arm-none-eabi/7.3.1/../../../../arm-none-eabi/lib/thumb/v7e-m/fpv5/hard\libnosys.a
END GROUP
START GROUP
LOAD c:/st/stm32cubeide_1.0.1/stm32cubeide/plugins/com.st.stm32cube.ide.mcu.externaltools.gnu-tools-for-stm32.7-2018-q2-update.win32_1.0.0.201904181610/tools/bin/../lib/gcc/arm-none-eabi/7.3.1/thumb/v7e-m/fpv5/hard\libgcc.a
LOAD c:/st/stm32cubeide_1.0.1/stm32cubeide/plugins/com.st.stm32cube.ide.mcu.externaltools.gnu-tools-for-stm32.7-2018-q2-update.win32_1.0.0.201904181610/tools/bin/../lib/gcc/arm-none-eabi/7.3.1/../../../../arm-none-eabi/lib/thumb/v7e-m/fpv5/hard\libc_nano.a
LOAD c:/st/stm32cubeide_1.0.1/stm32cubeide/plugins/com.st.stm32cube.ide.mcu.externaltools.gnu-tools-for-stm32.7-2018-q2-update.win32_1.0.0.201904181610/tools/bin/../lib/gcc/arm-none-eabi/7.3.1/../../../../arm-none-eabi/lib/thumb/v7e-m/fpv5/hard\libnosys.a
END GROUP
LOAD c:/st/stm32cubeide_1.0.1/stm32cubeide/plugins/com.st.stm32cube.ide.mcu.externaltools.gnu-tools-for-stm32.7-2018-q2-update.win32_1.0.0.201904181610/tools/bin/../lib/gcc/arm-none-eabi/7.3.1/thumb/v7e-m/fpv5/hard/crtend.o
LOAD c:/st/stm32cubeide_1.0.1/stm32cubeide/plugins/com.st.stm32cube.ide.mcu.externaltools.gnu-tools-for-stm32.7-2018-q2-update.win32_1.0.0.201904181610/tools/bin/../lib/gcc/arm-none-eabi/7.3.1/thumb/v7e-m/fpv5/hard/crtn.o
                0x0000000020080000                _estack = 0x20080000
                0x0000000000000200                _Min_Heap_Size = 0x200
                0x0000000000000400                _Min_Stack_Size = 0x400

.isr_vector     0x0000000008000000      0x1f8
                0x0000000008000000                . = ALIGN (0x4)
 *(.isr_vector)
 .isr_vector    0x0000000008000000      0x1f8 Startup/startup_stm32f767zitx.o
                0x0000000008000000                g_pfnVectors
                0x00000000080001f8                . = ALIGN (0x4)

.text           0x00000000080001f8     0x2be8
                0x00000000080001f8                . = ALIGN (0x4)
 *(.text)
 .text          0x00000000080001f8       0x40 c:/st/stm32cubeide_1.0.1/stm32cubeide/plugins/com.st.stm32cube.ide.mcu.externaltools.gnu-tools-for-stm32.7-2018-q2-update.win32_1.0.0.201904181610/tools/bin/../lib/gcc/arm-none-eabi/7.3.1/thumb/v7e-m/fpv5/hard/crtbegin.o
 .text          0x0000000008000238       0x30 c:/st/stm32cubeide_1.0.1/stm32cubeide/plugins/com.st.stm32cube.ide.mcu.externaltools.gnu-tools-for-stm32.7-2018-q2-update.win32_1.0.0.201904181610/tools/bin/../lib/gcc/arm-none-eabi/7.3.1/thumb/v7e-m/fpv5/hard\libgcc.a(_aeabi_uldivmod.o)
                0x0000000008000238                __aeabi_uldivmod
 .text          0x0000000008000268      0x2cc c:/st/stm32cubeide_1.0.1/stm32cubeide/plugins/com.st.stm32cube.ide.mcu.externaltools.gnu-tools-for-stm32.7-2018-q2-update.win32_1.0.0.201904181610/tools/bin/../lib/gcc/arm-none-eabi/7.3.1/thumb/v7e-m/fpv5/hard\libgcc.a(_udivmoddi4.o)
                0x0000000008000268                __udivmoddi4
 .text          0x0000000008000534        0x4 c:/st/stm32cubeide_1.0.1/stm32cubeide/plugins/com.st.stm32cube.ide.mcu.externaltools.gnu-tools-for-stm32.7-2018-q2-update.win32_1.0.0.201904181610/tools/bin/../lib/gcc/arm-none-eabi/7.3.1/thumb/v7e-m/fpv5/hard\libgcc.a(_dvmd_tls.o)
                0x0000000008000534                __aeabi_idiv0
                0x0000000008000534                __aeabi_ldiv0
 *(.text*)
 .text.HAL_Init
                0x0000000008000538       0x1a Drivers/STM32F7xx_HAL_Driver/Src/stm32f7xx_hal.o
                0x0000000008000538                HAL_Init
 *fill*         0x0000000008000552        0x2 
 .text.HAL_InitTick
                0x0000000008000554       0x60 Drivers/STM32F7xx_HAL_Driver/Src/stm32f7xx_hal.o
                0x0000000008000554                HAL_InitTick
 .text.HAL_IncTick
                0x00000000080005b4       0x28 Drivers/STM32F7xx_HAL_Driver/Src/stm32f7xx_hal.o
                0x00000000080005b4                HAL_IncTick
 .text.HAL_GetTick
                0x00000000080005dc       0x18 Drivers/STM32F7xx_HAL_Driver/Src/stm32f7xx_hal.o
                0x00000000080005dc                HAL_GetTick
 .text.__NVIC_SetPriorityGrouping
                0x00000000080005f4       0x48 Drivers/STM32F7xx_HAL_Driver/Src/stm32f7xx_hal_cortex.o
 .text.__NVIC_GetPriorityGrouping
                0x000000000800063c       0x1c Drivers/STM32F7xx_HAL_Driver/Src/stm32f7xx_hal_cortex.o
 .text.__NVIC_SetPriority
                0x0000000008000658       0x54 Drivers/STM32F7xx_HAL_Driver/Src/stm32f7xx_hal_cortex.o
 .text.NVIC_EncodePriority
                0x00000000080006ac       0x66 Drivers/STM32F7xx_HAL_Driver/Src/stm32f7xx_hal_cortex.o
 *fill*         0x0000000008000712        0x2 
 .text.SysTick_Config
                0x0000000008000714       0x44 Drivers/STM32F7xx_HAL_Driver/Src/stm32f7xx_hal_cortex.o
 .text.HAL_NVIC_SetPriorityGrouping
                0x0000000008000758       0x16 Drivers/STM32F7xx_HAL_Driver/Src/stm32f7xx_hal_cortex.o
                0x0000000008000758                HAL_NVIC_SetPriorityGrouping
 .text.HAL_NVIC_SetPriority
                0x000000000800076e       0x38 Drivers/STM32F7xx_HAL_Driver/Src/stm32f7xx_hal_cortex.o
                0x000000000800076e                HAL_NVIC_SetPriority
 .text.HAL_SYSTICK_Config
                0x00000000080007a6       0x18 Drivers/STM32F7xx_HAL_Driver/Src/stm32f7xx_hal_cortex.o
                0x00000000080007a6                HAL_SYSTICK_Config
 *fill*         0x00000000080007be        0x2 
 .text.HAL_GPIO_Init
                0x00000000080007c0      0x354 Drivers/STM32F7xx_HAL_Driver/Src/stm32f7xx_hal_gpio.o
                0x00000000080007c0                HAL_GPIO_Init
 .text.HAL_GPIO_WritePin
                0x0000000008000b14       0x32 Drivers/STM32F7xx_HAL_Driver/Src/stm32f7xx_hal_gpio.o
                0x0000000008000b14                HAL_GPIO_WritePin
 *fill*         0x0000000008000b46        0x2 
 .text.HAL_PWR_EnableBkUpAccess
                0x0000000008000b48       0x20 Drivers/STM32F7xx_HAL_Driver/Src/stm32f7xx_hal_pwr.o
                0x0000000008000b48                HAL_PWR_EnableBkUpAccess
 .text.HAL_PWREx_EnableOverDrive
                0x0000000008000b68       0xa0 Drivers/STM32F7xx_HAL_Driver/Src/stm32f7xx_hal_pwr_ex.o
                0x0000000008000b68                HAL_PWREx_EnableOverDrive
 .text.HAL_RCC_OscConfig
                0x0000000008000c08      0x4e4 Drivers/STM32F7xx_HAL_Driver/Src/stm32f7xx_hal_rcc.o
                0x0000000008000c08                HAL_RCC_OscConfig
 .text.HAL_RCC_ClockConfig
                0x00000000080010ec      0x1d0 Drivers/STM32F7xx_HAL_Driver/Src/stm32f7xx_hal_rcc.o
                0x00000000080010ec                HAL_RCC_ClockConfig
 .text.HAL_RCC_GetSysClockFreq
                0x00000000080012bc      0x1b0 Drivers/STM32F7xx_HAL_Driver/Src/stm32f7xx_hal_rcc.o
                0x00000000080012bc                HAL_RCC_GetSysClockFreq
 .text.HAL_RCC_GetHCLKFreq
                0x000000000800146c       0x18 Drivers/STM32F7xx_HAL_Driver/Src/stm32f7xx_hal_rcc.o
                0x000000000800146c                HAL_RCC_GetHCLKFreq
 .text.HAL_RCC_GetPCLK1Freq
                0x0000000008001484       0x28 Drivers/STM32F7xx_HAL_Driver/Src/stm32f7xx_hal_rcc.o
                0x0000000008001484                HAL_RCC_GetPCLK1Freq
 .text.HAL_RCC_GetPCLK2Freq
                0x00000000080014ac       0x28 Drivers/STM32F7xx_HAL_Driver/Src/stm32f7xx_hal_rcc.o
                0x00000000080014ac                HAL_RCC_GetPCLK2Freq
 .text.HAL_RCCEx_PeriphCLKConfig
                0x00000000080014d4      0x84c Drivers/STM32F7xx_HAL_Driver/Src/stm32f7xx_hal_rcc_ex.o
                0x00000000080014d4                HAL_RCCEx_PeriphCLKConfig
 .text.HAL_UART_Init
                0x0000000008001d20       0x9c Drivers/STM32F7xx_HAL_Driver/Src/stm32f7xx_hal_uart.o
                0x0000000008001d20                HAL_UART_Init
 .text.HAL_UART_Transmit
                0x0000000008001dbc      0x122 Drivers/STM32F7xx_HAL_Driver/Src/stm32f7xx_hal_uart.o
                0x0000000008001dbc                HAL_UART_Transmit
 *fill*         0x0000000008001ede        0x2 
 .text.UART_SetConfig
                0x0000000008001ee0      0x548 Drivers/STM32F7xx_HAL_Driver/Src/stm32f7xx_hal_uart.o
                0x0000000008001ee0                UART_SetConfig
 .text.UART_AdvFeatureConfig
                0x0000000008002428      0x144 Drivers/STM32F7xx_HAL_Driver/Src/stm32f7xx_hal_uart.o
                0x0000000008002428                UART_AdvFeatureConfig
 .text.UART_CheckIdleState
                0x000000000800256c       0x5e Drivers/STM32F7xx_HAL_Driver/Src/stm32f7xx_hal_uart.o
                0x000000000800256c                UART_CheckIdleState
 .text.UART_WaitOnFlagUntilTimeout
                0x00000000080025ca       0x90 Drivers/STM32F7xx_HAL_Driver/Src/stm32f7xx_hal_uart.o
                0x00000000080025ca                UART_WaitOnFlagUntilTimeout
 .text._ZN9stm32f7675Usart8SettingsC2Ev
                0x000000000800265a       0x36 Src/Uart3.o
                0x000000000800265a                stm32f767::Usart::Settings::Settings()
                0x000000000800265a                stm32f767::Usart::Settings::Settings()
 .text._ZN9stm32f7675Usart5Uart3C2Ev
                0x0000000008002690       0x58 Src/Uart3.o
                0x0000000008002690                stm32f767::Usart::Uart3::Uart3()
                0x0000000008002690                stm32f767::Usart::Uart3::Uart3()
 .text._ZN9stm32f7675Usart5Uart310InitializeEv
                0x00000000080026e8       0x88 Src/Uart3.o
                0x00000000080026e8                stm32f767::Usart::Uart3::Initialize()
 .text._ZN9stm32f7675Usart5Uart38TransmitEPKcm
                0x0000000008002770       0x42 Src/Uart3.o
                0x0000000008002770                stm32f767::Usart::Uart3::Transmit(char const*, unsigned long)
 *fill*         0x00000000080027b2        0x2 
 .text.MX_GPIO_Init
                0x00000000080027b4      0x208 Src/gpio.o
                0x00000000080027b4                MX_GPIO_Init
 .text.main     0x00000000080029bc       0x30 Src/main.o
                0x00000000080029bc                main
 .text._Z18SystemClock_Configv
                0x00000000080029ec      0x14c Src/main.o
                0x00000000080029ec                SystemClock_Config()
 .text.Error_Handler
                0x0000000008002b38       0x10 Src/main.o
                0x0000000008002b38                Error_Handler
 .text._Z41__static_initialization_and_destruction_0ii
                0x0000000008002b48       0x2c Src/main.o
 .text._GLOBAL__sub_I_banner
                0x0000000008002b74       0x10 Src/main.o
 .text.HAL_MspInit
                0x0000000008002b84       0x48 Src/stm32f7xx_hal_msp.o
                0x0000000008002b84                HAL_MspInit
 .text.NMI_Handler
                0x0000000008002bcc        0xe Src/stm32f7xx_it.o
                0x0000000008002bcc                NMI_Handler
 .text.HardFault_Handler
                0x0000000008002bda        0x6 Src/stm32f7xx_it.o
                0x0000000008002bda                HardFault_Handler
 .text.MemManage_Handler
                0x0000000008002be0        0x6 Src/stm32f7xx_it.o
                0x0000000008002be0                MemManage_Handler
 .text.BusFault_Handler
                0x0000000008002be6        0x6 Src/stm32f7xx_it.o
                0x0000000008002be6                BusFault_Handler
 .text.UsageFault_Handler
                0x0000000008002bec        0x6 Src/stm32f7xx_it.o
                0x0000000008002bec                UsageFault_Handler
 .text.SVC_Handler
                0x0000000008002bf2        0xe Src/stm32f7xx_it.o
                0x0000000008002bf2                SVC_Handler
 .text.DebugMon_Handler
                0x0000000008002c00        0xe Src/stm32f7xx_it.o
                0x0000000008002c00                DebugMon_Handler
 .text.PendSV_Handler
                0x0000000008002c0e        0xe Src/stm32f7xx_it.o
                0x0000000008002c0e                PendSV_Handler
 .text.SysTick_Handler
                0x0000000008002c1c        0xc Src/stm32f7xx_it.o
                0x0000000008002c1c                SysTick_Handler
 .text.SystemInit
                0x0000000008002c28       0x6c Src/system_stm32f7xx.o
                0x0000000008002c28                SystemInit
 .text.HAL_UART_MspInit
                0x0000000008002c94       0x88 Src/usart.o
                0x0000000008002c94                HAL_UART_MspInit
 .text.Reset_Handler
                0x0000000008002d1c       0x50 Startup/startup_stm32f767zitx.o
                0x0000000008002d1c                Reset_Handler
 .text.Default_Handler
                0x0000000008002d6c        0x2 Startup/startup_stm32f767zitx.o
                0x0000000008002d6c                RTC_Alarm_IRQHandler
                0x0000000008002d6c                EXTI2_IRQHandler
                0x0000000008002d6c                TIM8_CC_IRQHandler
                0x0000000008002d6c                UART8_IRQHandler
                0x0000000008002d6c                SPI4_IRQHandler
                0x0000000008002d6c                TIM1_CC_IRQHandler
                0x0000000008002d6c                DMA2_Stream5_IRQHandler
                0x0000000008002d6c                JPEG_IRQHandler
                0x0000000008002d6c                DMA1_Stream5_IRQHandler
                0x0000000008002d6c                CAN3_RX1_IRQHandler
                0x0000000008002d6c                PVD_IRQHandler
                0x0000000008002d6c                TAMP_STAMP_IRQHandler
                0x0000000008002d6c                CAN2_RX1_IRQHandler
                0x0000000008002d6c                EXTI3_IRQHandler
                0x0000000008002d6c                TIM8_TRG_COM_TIM14_IRQHandler
                0x0000000008002d6c                DFSDM1_FLT1_IRQHandler
                0x0000000008002d6c                TIM1_UP_TIM10_IRQHandler
                0x0000000008002d6c                TIM8_UP_TIM13_IRQHandler
                0x0000000008002d6c                I2C3_ER_IRQHandler
                0x0000000008002d6c                DFSDM1_FLT2_IRQHandler
                0x0000000008002d6c                EXTI0_IRQHandler
                0x0000000008002d6c                I2C2_EV_IRQHandler
                0x0000000008002d6c                DMA1_Stream2_IRQHandler
                0x0000000008002d6c                CAN1_RX0_IRQHandler
                0x0000000008002d6c                FPU_IRQHandler
                0x0000000008002d6c                OTG_HS_WKUP_IRQHandler
                0x0000000008002d6c                CAN3_SCE_IRQHandler
                0x0000000008002d6c                LTDC_ER_IRQHandler
                0x0000000008002d6c                CAN2_SCE_IRQHandler
                0x0000000008002d6c                DMA2_Stream2_IRQHandler
                0x0000000008002d6c                SPI1_IRQHandler
                0x0000000008002d6c                TIM6_DAC_IRQHandler
                0x0000000008002d6c                TIM1_BRK_TIM9_IRQHandler
                0x0000000008002d6c                DCMI_IRQHandler
                0x0000000008002d6c                CAN2_RX0_IRQHandler
                0x0000000008002d6c                DMA2_Stream3_IRQHandler
                0x0000000008002d6c                SAI2_IRQHandler
                0x0000000008002d6c                DFSDM1_FLT3_IRQHandler
                0x0000000008002d6c                USART6_IRQHandler
                0x0000000008002d6c                CAN3_RX0_IRQHandler
                0x0000000008002d6c                USART3_IRQHandler
                0x0000000008002d6c                CAN1_RX1_IRQHandler
                0x0000000008002d6c                UART5_IRQHandler
                0x0000000008002d6c                DMA2_Stream0_IRQHandler
                0x0000000008002d6c                TIM4_IRQHandler
                0x0000000008002d6c                QUADSPI_IRQHandler
                0x0000000008002d6c                I2C1_EV_IRQHandler
                0x0000000008002d6c                DMA1_Stream6_IRQHandler
                0x0000000008002d6c                DMA1_Stream1_IRQHandler
                0x0000000008002d6c                UART4_IRQHandler
                0x0000000008002d6c                TIM3_IRQHandler
                0x0000000008002d6c                RCC_IRQHandler
                0x0000000008002d6c                TIM8_BRK_TIM12_IRQHandler
                0x0000000008002d6c                Default_Handler
                0x0000000008002d6c                CEC_IRQHandler
                0x0000000008002d6c                EXTI15_10_IRQHandler
                0x0000000008002d6c                ADC_IRQHandler
                0x0000000008002d6c                DMA1_Stream7_IRQHandler
                0x0000000008002d6c                SPI5_IRQHandler
                0x0000000008002d6c                TIM7_IRQHandler
                0x0000000008002d6c                SDMMC1_IRQHandler
                0x0000000008002d6c                CAN2_TX_IRQHandler
                0x0000000008002d6c                TIM5_IRQHandler
                0x0000000008002d6c                DMA2_Stream7_IRQHandler
                0x0000000008002d6c                I2C3_EV_IRQHandler
                0x0000000008002d6c                EXTI9_5_IRQHandler
                0x0000000008002d6c                RTC_WKUP_IRQHandler
                0x0000000008002d6c                LTDC_IRQHandler
                0x0000000008002d6c                ETH_WKUP_IRQHandler
                0x0000000008002d6c                SPDIF_RX_IRQHandler
                0x0000000008002d6c                SPI2_IRQHandler
                0x0000000008002d6c                OTG_HS_EP1_IN_IRQHandler
                0x0000000008002d6c                DMA1_Stream0_IRQHandler
                0x0000000008002d6c                CAN1_TX_IRQHandler
                0x0000000008002d6c                EXTI4_IRQHandler
                0x0000000008002d6c                RNG_IRQHandler
                0x0000000008002d6c                ETH_IRQHandler
                0x0000000008002d6c                OTG_HS_EP1_OUT_IRQHandler
                0x0000000008002d6c                WWDG_IRQHandler
                0x0000000008002d6c                SPI6_IRQHandler
                0x0000000008002d6c                MDIOS_IRQHandler
                0x0000000008002d6c                I2C4_EV_IRQHandler
                0x0000000008002d6c                CAN3_TX_IRQHandler
                0x0000000008002d6c                TIM2_IRQHandler
                0x0000000008002d6c                OTG_FS_WKUP_IRQHandler
                0x0000000008002d6c                TIM1_TRG_COM_TIM11_IRQHandler
                0x0000000008002d6c                OTG_HS_IRQHandler
                0x0000000008002d6c                DMA2D_IRQHandler
                0x0000000008002d6c                EXTI1_IRQHandler
                0x0000000008002d6c                SDMMC2_IRQHandler
                0x0000000008002d6c                UART7_IRQHandler
                0x0000000008002d6c                USART2_IRQHandler
                0x0000000008002d6c                DFSDM1_FLT0_IRQHandler
                0x0000000008002d6c                I2C2_ER_IRQHandler
                0x0000000008002d6c                DMA2_Stream1_IRQHandler
                0x0000000008002d6c                CAN1_SCE_IRQHandler
                0x0000000008002d6c                FLASH_IRQHandler
                0x0000000008002d6c                DMA2_Stream4_IRQHandler
                0x0000000008002d6c                USART1_IRQHandler
                0x0000000008002d6c                OTG_FS_IRQHandler
                0x0000000008002d6c                SPI3_IRQHandler
                0x0000000008002d6c                DMA1_Stream4_IRQHandler
                0x0000000008002d6c                I2C1_ER_IRQHandler
                0x0000000008002d6c                FMC_IRQHandler
                0x0000000008002d6c                LPTIM1_IRQHandler
                0x0000000008002d6c                I2C4_ER_IRQHandler
                0x0000000008002d6c                DMA2_Stream6_IRQHandler
                0x0000000008002d6c                SAI1_IRQHandler
                0x0000000008002d6c                DMA1_Stream3_IRQHandler
 *fill*         0x0000000008002d6e        0x2 
 .text.__libc_init_array
                0x0000000008002d70       0x48 c:/st/stm32cubeide_1.0.1/stm32cubeide/plugins/com.st.stm32cube.ide.mcu.externaltools.gnu-tools-for-stm32.7-2018-q2-update.win32_1.0.0.201904181610/tools/bin/../lib/gcc/arm-none-eabi/7.3.1/../../../../arm-none-eabi/lib/thumb/v7e-m/fpv5/hard\libc_nano.a(lib_a-init.o)
                0x0000000008002d70                __libc_init_array
 .text.memset   0x0000000008002db8       0x10 c:/st/stm32cubeide_1.0.1/stm32cubeide/plugins/com.st.stm32cube.ide.mcu.externaltools.gnu-tools-for-stm32.7-2018-q2-update.win32_1.0.0.201904181610/tools/bin/../lib/gcc/arm-none-eabi/7.3.1/../../../../arm-none-eabi/lib/thumb/v7e-m/fpv5/hard\libc_nano.a(lib_a-memset.o)
                0x0000000008002db8                memset
 *(.glue_7)
 .glue_7        0x0000000008002dc8        0x0 linker stubs
 *(.glue_7t)
 .glue_7t       0x0000000008002dc8        0x0 linker stubs
 *(.eh_frame)
 .eh_frame      0x0000000008002dc8        0x0 c:/st/stm32cubeide_1.0.1/stm32cubeide/plugins/com.st.stm32cube.ide.mcu.externaltools.gnu-tools-for-stm32.7-2018-q2-update.win32_1.0.0.201904181610/tools/bin/../lib/gcc/arm-none-eabi/7.3.1/thumb/v7e-m/fpv5/hard/crtbegin.o
 *(.init)
 .init          0x0000000008002dc8        0x4 c:/st/stm32cubeide_1.0.1/stm32cubeide/plugins/com.st.stm32cube.ide.mcu.externaltools.gnu-tools-for-stm32.7-2018-q2-update.win32_1.0.0.201904181610/tools/bin/../lib/gcc/arm-none-eabi/7.3.1/thumb/v7e-m/fpv5/hard/crti.o
                0x0000000008002dc8                _init
 .init          0x0000000008002dcc        0x8 c:/st/stm32cubeide_1.0.1/stm32cubeide/plugins/com.st.stm32cube.ide.mcu.externaltools.gnu-tools-for-stm32.7-2018-q2-update.win32_1.0.0.201904181610/tools/bin/../lib/gcc/arm-none-eabi/7.3.1/thumb/v7e-m/fpv5/hard/crtn.o
 *(.fini)
 .fini          0x0000000008002dd4        0x4 c:/st/stm32cubeide_1.0.1/stm32cubeide/plugins/com.st.stm32cube.ide.mcu.externaltools.gnu-tools-for-stm32.7-2018-q2-update.win32_1.0.0.201904181610/tools/bin/../lib/gcc/arm-none-eabi/7.3.1/thumb/v7e-m/fpv5/hard/crti.o
                0x0000000008002dd4                _fini
 .fini          0x0000000008002dd8        0x8 c:/st/stm32cubeide_1.0.1/stm32cubeide/plugins/com.st.stm32cube.ide.mcu.externaltools.gnu-tools-for-stm32.7-2018-q2-update.win32_1.0.0.201904181610/tools/bin/../lib/gcc/arm-none-eabi/7.3.1/thumb/v7e-m/fpv5/hard/crtn.o
                0x0000000008002de0                . = ALIGN (0x4)
                0x0000000008002de0                _etext = .

.vfp11_veneer   0x0000000008002de0        0x0
 .vfp11_veneer  0x0000000008002de0        0x0 linker stubs

.v4_bx          0x0000000008002de0        0x0
 .v4_bx         0x0000000008002de0        0x0 linker stubs

.iplt           0x0000000008002de0        0x0
 .iplt          0x0000000008002de0        0x0 c:/st/stm32cubeide_1.0.1/stm32cubeide/plugins/com.st.stm32cube.ide.mcu.externaltools.gnu-tools-for-stm32.7-2018-q2-update.win32_1.0.0.201904181610/tools/bin/../lib/gcc/arm-none-eabi/7.3.1/thumb/v7e-m/fpv5/hard/crtbegin.o

.rodata         0x0000000008002de0       0x24
                0x0000000008002de0                . = ALIGN (0x4)
 *(.rodata)
 .rodata        0x0000000008002de0        0xc Src/main.o
 *(.rodata*)
 .rodata.AHBPrescTable
                0x0000000008002dec       0x10 Src/system_stm32f7xx.o
                0x0000000008002dec                AHBPrescTable
 .rodata.APBPrescTable
                0x0000000008002dfc        0x8 Src/system_stm32f7xx.o
                0x0000000008002dfc                APBPrescTable
                0x0000000008002e04                . = ALIGN (0x4)

.ARM.extab      0x0000000008002e04        0x0
                0x0000000008002e04                . = ALIGN (0x4)
 *(.ARM.extab* .gnu.linkonce.armextab.*)
                0x0000000008002e04                . = ALIGN (0x4)

.ARM            0x0000000008002e04        0x8
                0x0000000008002e04                . = ALIGN (0x4)
                0x0000000008002e04                __exidx_start = .
 *(.ARM.exidx*)
 .ARM.exidx     0x0000000008002e04        0x8 c:/st/stm32cubeide_1.0.1/stm32cubeide/plugins/com.st.stm32cube.ide.mcu.externaltools.gnu-tools-for-stm32.7-2018-q2-update.win32_1.0.0.201904181610/tools/bin/../lib/gcc/arm-none-eabi/7.3.1/thumb/v7e-m/fpv5/hard\libgcc.a(_udivmoddi4.o)
                0x0000000008002e0c                __exidx_end = .
                0x0000000008002e0c                . = ALIGN (0x4)

.rel.dyn        0x0000000008002e0c        0x0
 .rel.iplt      0x0000000008002e0c        0x0 c:/st/stm32cubeide_1.0.1/stm32cubeide/plugins/com.st.stm32cube.ide.mcu.externaltools.gnu-tools-for-stm32.7-2018-q2-update.win32_1.0.0.201904181610/tools/bin/../lib/gcc/arm-none-eabi/7.3.1/thumb/v7e-m/fpv5/hard/crtbegin.o

.preinit_array  0x0000000008002e0c        0x0
                0x0000000008002e0c                . = ALIGN (0x4)
                0x0000000008002e0c                PROVIDE (__preinit_array_start = .)
 *(.preinit_array*)
                0x0000000008002e0c                PROVIDE (__preinit_array_end = .)
                0x0000000008002e0c                . = ALIGN (0x4)

.init_array     0x0000000008002e0c        0x8
                0x0000000008002e0c                . = ALIGN (0x4)
                0x0000000008002e0c                PROVIDE (__init_array_start = .)
 *(SORT_BY_NAME(.init_array.*))
 *(.init_array*)
 .init_array    0x0000000008002e0c        0x4 c:/st/stm32cubeide_1.0.1/stm32cubeide/plugins/com.st.stm32cube.ide.mcu.externaltools.gnu-tools-for-stm32.7-2018-q2-update.win32_1.0.0.201904181610/tools/bin/../lib/gcc/arm-none-eabi/7.3.1/thumb/v7e-m/fpv5/hard/crtbegin.o
 .init_array    0x0000000008002e10        0x4 Src/main.o
                0x0000000008002e14                PROVIDE (__init_array_end = .)
                0x0000000008002e14                . = ALIGN (0x4)

.fini_array     0x0000000008002e14        0x4
                0x0000000008002e14                . = ALIGN (0x4)
                [!provide]                        PROVIDE (__fini_array_start = .)
 *(SORT_BY_NAME(.fini_array.*))
 *(.fini_array*)
 .fini_array    0x0000000008002e14        0x4 c:/st/stm32cubeide_1.0.1/stm32cubeide/plugins/com.st.stm32cube.ide.mcu.externaltools.gnu-tools-for-stm32.7-2018-q2-update.win32_1.0.0.201904181610/tools/bin/../lib/gcc/arm-none-eabi/7.3.1/thumb/v7e-m/fpv5/hard/crtbegin.o
                [!provide]                        PROVIDE (__fini_array_end = .)
                0x0000000008002e18                . = ALIGN (0x4)
                0x0000000008002e18                _sidata = LOADADDR (.data)

.data           0x0000000020000000       0x10 load address 0x0000000008002e18
                0x0000000020000000                . = ALIGN (0x4)
                0x0000000020000000                _sdata = .
 *(.data)
 *(.data*)
 .data.uwTickPrio
                0x0000000020000000        0x4 Drivers/STM32F7xx_HAL_Driver/Src/stm32f7xx_hal.o
                0x0000000020000000                uwTickPrio
 .data.uwTickFreq
                0x0000000020000004        0x1 Drivers/STM32F7xx_HAL_Driver/Src/stm32f7xx_hal.o
                0x0000000020000004                uwTickFreq
 *fill*         0x0000000020000005        0x3 
 .data.banner   0x0000000020000008        0x4 Src/main.o
                0x0000000020000008                banner
 .data.SystemCoreClock
                0x000000002000000c        0x4 Src/system_stm32f7xx.o
                0x000000002000000c                SystemCoreClock
                0x0000000020000010                . = ALIGN (0x4)
                0x0000000020000010                _edata = .

.igot.plt       0x0000000020000010        0x0 load address 0x0000000008002e28
 .igot.plt      0x0000000020000010        0x0 c:/st/stm32cubeide_1.0.1/stm32cubeide/plugins/com.st.stm32cube.ide.mcu.externaltools.gnu-tools-for-stm32.7-2018-q2-update.win32_1.0.0.201904181610/tools/bin/../lib/gcc/arm-none-eabi/7.3.1/thumb/v7e-m/fpv5/hard/crtbegin.o
                0x0000000020000010                . = ALIGN (0x4)

.bss            0x0000000020000010       0xb8 load address 0x0000000008002e28
                0x0000000020000010                _sbss = .
                0x0000000020000010                __bss_start__ = _sbss
 *(.bss)
 .bss           0x0000000020000010       0x1c c:/st/stm32cubeide_1.0.1/stm32cubeide/plugins/com.st.stm32cube.ide.mcu.externaltools.gnu-tools-for-stm32.7-2018-q2-update.win32_1.0.0.201904181610/tools/bin/../lib/gcc/arm-none-eabi/7.3.1/thumb/v7e-m/fpv5/hard/crtbegin.o
 *(.bss*)
 .bss.UartObject
                0x000000002000002c       0x98 Src/main.o
                0x000000002000002c                UartObject
 *(COMMON)
 COMMON         0x00000000200000c4        0x4 Drivers/STM32F7xx_HAL_Driver/Src/stm32f7xx_hal.o
                0x00000000200000c4                uwTick
                0x00000000200000c8                . = ALIGN (0x4)
                0x00000000200000c8                _ebss = .
                0x00000000200000c8                __bss_end__ = _ebss

._user_heap_stack
                0x00000000200000c8      0x600 load address 0x0000000008002e28
                0x00000000200000c8                . = ALIGN (0x8)
                0x00000000200000c8                PROVIDE (end = .)
                [!provide]                        PROVIDE (_end = .)
                0x00000000200002c8                . = (. + _Min_Heap_Size)
 *fill*         0x00000000200000c8      0x200 
                0x00000000200006c8                . = (. + _Min_Stack_Size)
 *fill*         0x00000000200002c8      0x400 
                0x00000000200006c8                . = ALIGN (0x8)

/DISCARD/
 libc.a(*)
 libm.a(*)
 libgcc.a(*)

.ARM.attributes
                0x0000000000000000       0x2e
 *(.ARM.attributes)
 .ARM.attributes
                0x0000000000000000       0x20 c:/st/stm32cubeide_1.0.1/stm32cubeide/plugins/com.st.stm32cube.ide.mcu.externaltools.gnu-tools-for-stm32.7-2018-q2-update.win32_1.0.0.201904181610/tools/bin/../lib/gcc/arm-none-eabi/7.3.1/thumb/v7e-m/fpv5/hard/crti.o
 .ARM.attributes
                0x0000000000000020       0x32 c:/st/stm32cubeide_1.0.1/stm32cubeide/plugins/com.st.stm32cube.ide.mcu.externaltools.gnu-tools-for-stm32.7-2018-q2-update.win32_1.0.0.201904181610/tools/bin/../lib/gcc/arm-none-eabi/7.3.1/thumb/v7e-m/fpv5/hard/crtbegin.o
 .ARM.attributes
                0x0000000000000052       0x37 Drivers/STM32F7xx_HAL_Driver/Src/stm32f7xx_hal.o
 .ARM.attributes
                0x0000000000000089       0x37 Drivers/STM32F7xx_HAL_Driver/Src/stm32f7xx_hal_cortex.o
 .ARM.attributes
                0x00000000000000c0       0x37 Drivers/STM32F7xx_HAL_Driver/Src/stm32f7xx_hal_gpio.o
 .ARM.attributes
                0x00000000000000f7       0x37 Drivers/STM32F7xx_HAL_Driver/Src/stm32f7xx_hal_pwr.o
 .ARM.attributes
                0x000000000000012e       0x37 Drivers/STM32F7xx_HAL_Driver/Src/stm32f7xx_hal_pwr_ex.o
 .ARM.attributes
                0x0000000000000165       0x37 Drivers/STM32F7xx_HAL_Driver/Src/stm32f7xx_hal_rcc.o
 .ARM.attributes
                0x000000000000019c       0x37 Drivers/STM32F7xx_HAL_Driver/Src/stm32f7xx_hal_rcc_ex.o
 .ARM.attributes
                0x00000000000001d3       0x37 Drivers/STM32F7xx_HAL_Driver/Src/stm32f7xx_hal_uart.o
 .ARM.attributes
                0x000000000000020a       0x37 Src/Uart3.o
 .ARM.attributes
                0x0000000000000241       0x37 Src/gpio.o
 .ARM.attributes
                0x0000000000000278       0x37 Src/main.o
 .ARM.attributes
                0x00000000000002af       0x37 Src/stm32f7xx_hal_msp.o
 .ARM.attributes
                0x00000000000002e6       0x37 Src/stm32f7xx_it.o
 .ARM.attributes
                0x000000000000031d       0x37 Src/system_stm32f7xx.o
 .ARM.attributes
                0x0000000000000354       0x37 Src/usart.o
 .ARM.attributes
                0x000000000000038b       0x21 Startup/startup_stm32f767zitx.o
 .ARM.attributes
                0x00000000000003ac       0x32 c:/st/stm32cubeide_1.0.1/stm32cubeide/plugins/com.st.stm32cube.ide.mcu.externaltools.gnu-tools-for-stm32.7-2018-q2-update.win32_1.0.0.201904181610/tools/bin/../lib/gcc/arm-none-eabi/7.3.1/../../../../arm-none-eabi/lib/thumb/v7e-m/fpv5/hard\libc_nano.a(lib_a-init.o)
 .ARM.attributes
                0x00000000000003de       0x32 c:/st/stm32cubeide_1.0.1/stm32cubeide/plugins/com.st.stm32cube.ide.mcu.externaltools.gnu-tools-for-stm32.7-2018-q2-update.win32_1.0.0.201904181610/tools/bin/../lib/gcc/arm-none-eabi/7.3.1/../../../../arm-none-eabi/lib/thumb/v7e-m/fpv5/hard\libc_nano.a(lib_a-memset.o)
 .ARM.attributes
                0x0000000000000410       0x20 c:/st/stm32cubeide_1.0.1/stm32cubeide/plugins/com.st.stm32cube.ide.mcu.externaltools.gnu-tools-for-stm32.7-2018-q2-update.win32_1.0.0.201904181610/tools/bin/../lib/gcc/arm-none-eabi/7.3.1/thumb/v7e-m/fpv5/hard\libgcc.a(_aeabi_uldivmod.o)
 .ARM.attributes
                0x0000000000000430       0x32 c:/st/stm32cubeide_1.0.1/stm32cubeide/plugins/com.st.stm32cube.ide.mcu.externaltools.gnu-tools-for-stm32.7-2018-q2-update.win32_1.0.0.201904181610/tools/bin/../lib/gcc/arm-none-eabi/7.3.1/thumb/v7e-m/fpv5/hard\libgcc.a(_udivmoddi4.o)
 .ARM.attributes
                0x0000000000000462       0x20 c:/st/stm32cubeide_1.0.1/stm32cubeide/plugins/com.st.stm32cube.ide.mcu.externaltools.gnu-tools-for-stm32.7-2018-q2-update.win32_1.0.0.201904181610/tools/bin/../lib/gcc/arm-none-eabi/7.3.1/thumb/v7e-m/fpv5/hard\libgcc.a(_dvmd_tls.o)
 .ARM.attributes
                0x0000000000000482       0x20 c:/st/stm32cubeide_1.0.1/stm32cubeide/plugins/com.st.stm32cube.ide.mcu.externaltools.gnu-tools-for-stm32.7-2018-q2-update.win32_1.0.0.201904181610/tools/bin/../lib/gcc/arm-none-eabi/7.3.1/thumb/v7e-m/fpv5/hard/crtn.o
OUTPUT(HelloWorld.elf elf32-littlearm)

.debug_info     0x0000000000000000     0x9346
 .debug_info    0x0000000000000000      0xa37 Drivers/STM32F7xx_HAL_Driver/Src/stm32f7xx_hal.o
 .debug_info    0x0000000000000a37     0x108c Drivers/STM32F7xx_HAL_Driver/Src/stm32f7xx_hal_cortex.o
 .debug_info    0x0000000000001ac3      0x7e9 Drivers/STM32F7xx_HAL_Driver/Src/stm32f7xx_hal_gpio.o
 .debug_info    0x00000000000022ac      0x9b4 Drivers/STM32F7xx_HAL_Driver/Src/stm32f7xx_hal_pwr.o
 .debug_info    0x0000000000002c60      0x96b Drivers/STM32F7xx_HAL_Driver/Src/stm32f7xx_hal_pwr_ex.o
 .debug_info    0x00000000000035cb      0x987 Drivers/STM32F7xx_HAL_Driver/Src/stm32f7xx_hal_rcc.o
 .debug_info    0x0000000000003f52      0x7d1 Drivers/STM32F7xx_HAL_Driver/Src/stm32f7xx_hal_rcc_ex.o
 .debug_info    0x0000000000004723     0x1639 Drivers/STM32F7xx_HAL_Driver/Src/stm32f7xx_hal_uart.o
 .debug_info    0x0000000000005d5c      0x9f5 Src/Uart3.o
 .debug_info    0x0000000000006751      0x527 Src/gpio.o
 .debug_info    0x0000000000006c78      0xf94 Src/main.o
 .debug_info    0x0000000000007c0c      0x389 Src/stm32f7xx_hal_msp.o
 .debug_info    0x0000000000007f95      0x20a Src/stm32f7xx_it.o
 .debug_info    0x000000000000819f      0x73d Src/system_stm32f7xx.o
 .debug_info    0x00000000000088dc      0xa48 Src/usart.o
 .debug_info    0x0000000000009324       0x22 Startup/startup_stm32f767zitx.o

.debug_abbrev   0x0000000000000000     0x1af8
 .debug_abbrev  0x0000000000000000      0x1c7 Drivers/STM32F7xx_HAL_Driver/Src/stm32f7xx_hal.o
 .debug_abbrev  0x00000000000001c7      0x2fa Drivers/STM32F7xx_HAL_Driver/Src/stm32f7xx_hal_cortex.o
 .debug_abbrev  0x00000000000004c1      0x1c9 Drivers/STM32F7xx_HAL_Driver/Src/stm32f7xx_hal_gpio.o
 .debug_abbrev  0x000000000000068a      0x1b6 Drivers/STM32F7xx_HAL_Driver/Src/stm32f7xx_hal_pwr.o
 .debug_abbrev  0x0000000000000840      0x1b8 Drivers/STM32F7xx_HAL_Driver/Src/stm32f7xx_hal_pwr_ex.o
 .debug_abbrev  0x00000000000009f8      0x268 Drivers/STM32F7xx_HAL_Driver/Src/stm32f7xx_hal_rcc.o
 .debug_abbrev  0x0000000000000c60      0x1ad Drivers/STM32F7xx_HAL_Driver/Src/stm32f7xx_hal_rcc_ex.o
 .debug_abbrev  0x0000000000000e0d      0x205 Drivers/STM32F7xx_HAL_Driver/Src/stm32f7xx_hal_uart.o
 .debug_abbrev  0x0000000000001012      0x26c Src/Uart3.o
 .debug_abbrev  0x000000000000127e      0x134 Src/gpio.o
 .debug_abbrev  0x00000000000013b2      0x285 Src/main.o
 .debug_abbrev  0x0000000000001637      0x109 Src/stm32f7xx_hal_msp.o
 .debug_abbrev  0x0000000000001740       0xc6 Src/stm32f7xx_it.o
 .debug_abbrev  0x0000000000001806      0x147 Src/system_stm32f7xx.o
 .debug_abbrev  0x000000000000194d      0x199 Src/usart.o
 .debug_abbrev  0x0000000000001ae6       0x12 Startup/startup_stm32f767zitx.o

.debug_aranges  0x0000000000000000      0x810
 .debug_aranges
                0x0000000000000000      0x110 Drivers/STM32F7xx_HAL_Driver/Src/stm32f7xx_hal.o
 .debug_aranges
                0x0000000000000110      0x118 Drivers/STM32F7xx_HAL_Driver/Src/stm32f7xx_hal_cortex.o
 .debug_aranges
                0x0000000000000228       0x58 Drivers/STM32F7xx_HAL_Driver/Src/stm32f7xx_hal_gpio.o
 .debug_aranges
                0x0000000000000280       0xa0 Drivers/STM32F7xx_HAL_Driver/Src/stm32f7xx_hal_pwr.o
 .debug_aranges
                0x0000000000000320       0x80 Drivers/STM32F7xx_HAL_Driver/Src/stm32f7xx_hal_pwr_ex.o
 .debug_aranges
                0x00000000000003a0       0x88 Drivers/STM32F7xx_HAL_Driver/Src/stm32f7xx_hal_rcc.o
 .debug_aranges
                0x0000000000000428       0x50 Drivers/STM32F7xx_HAL_Driver/Src/stm32f7xx_hal_rcc_ex.o
 .debug_aranges
                0x0000000000000478      0x1f8 Drivers/STM32F7xx_HAL_Driver/Src/stm32f7xx_hal_uart.o
 .debug_aranges
                0x0000000000000670       0x40 Src/Uart3.o
 .debug_aranges
                0x00000000000006b0       0x20 Src/gpio.o
 .debug_aranges
                0x00000000000006d0       0x40 Src/main.o
 .debug_aranges
                0x0000000000000710       0x20 Src/stm32f7xx_hal_msp.o
 .debug_aranges
                0x0000000000000730       0x60 Src/stm32f7xx_it.o
 .debug_aranges
                0x0000000000000790       0x28 Src/system_stm32f7xx.o
 .debug_aranges
                0x00000000000007b8       0x30 Src/usart.o
 .debug_aranges
                0x00000000000007e8       0x28 Startup/startup_stm32f767zitx.o

.debug_ranges   0x0000000000000000      0x718
 .debug_ranges  0x0000000000000000      0x100 Drivers/STM32F7xx_HAL_Driver/Src/stm32f7xx_hal.o
 .debug_ranges  0x0000000000000100      0x108 Drivers/STM32F7xx_HAL_Driver/Src/stm32f7xx_hal_cortex.o
 .debug_ranges  0x0000000000000208       0x48 Drivers/STM32F7xx_HAL_Driver/Src/stm32f7xx_hal_gpio.o
 .debug_ranges  0x0000000000000250       0x90 Drivers/STM32F7xx_HAL_Driver/Src/stm32f7xx_hal_pwr.o
 .debug_ranges  0x00000000000002e0       0x70 Drivers/STM32F7xx_HAL_Driver/Src/stm32f7xx_hal_pwr_ex.o
 .debug_ranges  0x0000000000000350       0x78 Drivers/STM32F7xx_HAL_Driver/Src/stm32f7xx_hal_rcc.o
 .debug_ranges  0x00000000000003c8       0x40 Drivers/STM32F7xx_HAL_Driver/Src/stm32f7xx_hal_rcc_ex.o
 .debug_ranges  0x0000000000000408      0x1e8 Drivers/STM32F7xx_HAL_Driver/Src/stm32f7xx_hal_uart.o
 .debug_ranges  0x00000000000005f0       0x30 Src/Uart3.o
 .debug_ranges  0x0000000000000620       0x10 Src/gpio.o
 .debug_ranges  0x0000000000000630       0x30 Src/main.o
 .debug_ranges  0x0000000000000660       0x10 Src/stm32f7xx_hal_msp.o
 .debug_ranges  0x0000000000000670       0x50 Src/stm32f7xx_it.o
 .debug_ranges  0x00000000000006c0       0x18 Src/system_stm32f7xx.o
 .debug_ranges  0x00000000000006d8       0x20 Src/usart.o
 .debug_ranges  0x00000000000006f8       0x20 Startup/startup_stm32f767zitx.o

.debug_macro    0x0000000000000000    0x278c7
 .debug_macro   0x0000000000000000      0x1f3 Drivers/STM32F7xx_HAL_Driver/Src/stm32f7xx_hal.o
 .debug_macro   0x00000000000001f3      0xa66 Drivers/STM32F7xx_HAL_Driver/Src/stm32f7xx_hal.o
 .debug_macro   0x0000000000000c59      0x183 Drivers/STM32F7xx_HAL_Driver/Src/stm32f7xx_hal.o
 .debug_macro   0x0000000000000ddc       0x2e Drivers/STM32F7xx_HAL_Driver/Src/stm32f7xx_hal.o
 .debug_macro   0x0000000000000e0a       0x3b Drivers/STM32F7xx_HAL_Driver/Src/stm32f7xx_hal.o
 .debug_macro   0x0000000000000e45       0x22 Drivers/STM32F7xx_HAL_Driver/Src/stm32f7xx_hal.o
 .debug_macro   0x0000000000000e67       0x8e Drivers/STM32F7xx_HAL_Driver/Src/stm32f7xx_hal.o
 .debug_macro   0x0000000000000ef5       0x51 Drivers/STM32F7xx_HAL_Driver/Src/stm32f7xx_hal.o
 .debug_macro   0x0000000000000f46       0xef Drivers/STM32F7xx_HAL_Driver/Src/stm32f7xx_hal.o
 .debug_macro   0x0000000000001035       0x6a Drivers/STM32F7xx_HAL_Driver/Src/stm32f7xx_hal.o
 .debug_macro   0x000000000000109f      0x1df Drivers/STM32F7xx_HAL_Driver/Src/stm32f7xx_hal.o
 .debug_macro   0x000000000000127e       0x1c Drivers/STM32F7xx_HAL_Driver/Src/stm32f7xx_hal.o
 .debug_macro   0x000000000000129a       0x22 Drivers/STM32F7xx_HAL_Driver/Src/stm32f7xx_hal.o
 .debug_macro   0x00000000000012bc       0xdf Drivers/STM32F7xx_HAL_Driver/Src/stm32f7xx_hal.o
 .debug_macro   0x000000000000139b     0x12cd Drivers/STM32F7xx_HAL_Driver/Src/stm32f7xx_hal.o
 .debug_macro   0x0000000000002668      0x11f Drivers/STM32F7xx_HAL_Driver/Src/stm32f7xx_hal.o
 .debug_macro   0x0000000000002787       0x19 Drivers/STM32F7xx_HAL_Driver/Src/stm32f7xx_hal.o
 .debug_macro   0x00000000000027a0    0x1a029 Drivers/STM32F7xx_HAL_Driver/Src/stm32f7xx_hal.o
 .debug_macro   0x000000000001c7c9       0x43 Drivers/STM32F7xx_HAL_Driver/Src/stm32f7xx_hal.o
 .debug_macro   0x000000000001c80c     0x363d Drivers/STM32F7xx_HAL_Driver/Src/stm32f7xx_hal.o
 .debug_macro   0x000000000001fe49      0x174 Drivers/STM32F7xx_HAL_Driver/Src/stm32f7xx_hal.o
 .debug_macro   0x000000000001ffbd       0x61 Drivers/STM32F7xx_HAL_Driver/Src/stm32f7xx_hal.o
 .debug_macro   0x000000000002001e     0x1add Drivers/STM32F7xx_HAL_Driver/Src/stm32f7xx_hal.o
 .debug_macro   0x0000000000021afb      0x6c4 Drivers/STM32F7xx_HAL_Driver/Src/stm32f7xx_hal.o
 .debug_macro   0x00000000000221bf      0x109 Drivers/STM32F7xx_HAL_Driver/Src/stm32f7xx_hal.o
 .debug_macro   0x00000000000222c8      0x117 Drivers/STM32F7xx_HAL_Driver/Src/stm32f7xx_hal.o
 .debug_macro   0x00000000000223df      0x26f Drivers/STM32F7xx_HAL_Driver/Src/stm32f7xx_hal.o
 .debug_macro   0x000000000002264e       0x27 Drivers/STM32F7xx_HAL_Driver/Src/stm32f7xx_hal.o
 .debug_macro   0x0000000000022675      0x24f Drivers/STM32F7xx_HAL_Driver/Src/stm32f7xx_hal.o
 .debug_macro   0x00000000000228c4       0x71 Drivers/STM32F7xx_HAL_Driver/Src/stm32f7xx_hal.o
 .debug_macro   0x0000000000022935       0x58 Drivers/STM32F7xx_HAL_Driver/Src/stm32f7xx_hal.o
 .debug_macro   0x000000000002298d      0x236 Drivers/STM32F7xx_HAL_Driver/Src/stm32f7xx_hal.o
 .debug_macro   0x0000000000022bc3      0x14f Drivers/STM32F7xx_HAL_Driver/Src/stm32f7xx_hal.o
 .debug_macro   0x0000000000022d12      0x3dc Drivers/STM32F7xx_HAL_Driver/Src/stm32f7xx_hal.o
 .debug_macro   0x00000000000230ee       0x12 Drivers/STM32F7xx_HAL_Driver/Src/stm32f7xx_hal.o
 .debug_macro   0x0000000000023100      0x22c Drivers/STM32F7xx_HAL_Driver/Src/stm32f7xx_hal.o
 .debug_macro   0x000000000002332c       0x61 Drivers/STM32F7xx_HAL_Driver/Src/stm32f7xx_hal.o
 .debug_macro   0x000000000002338d       0xa5 Drivers/STM32F7xx_HAL_Driver/Src/stm32f7xx_hal.o
 .debug_macro   0x0000000000023432      0x12f Drivers/STM32F7xx_HAL_Driver/Src/stm32f7xx_hal.o
 .debug_macro   0x0000000000023561      0x108 Drivers/STM32F7xx_HAL_Driver/Src/stm32f7xx_hal.o
 .debug_macro   0x0000000000023669       0x35 Drivers/STM32F7xx_HAL_Driver/Src/stm32f7xx_hal.o
 .debug_macro   0x000000000002369e      0x519 Drivers/STM32F7xx_HAL_Driver/Src/stm32f7xx_hal.o
 .debug_macro   0x0000000000023bb7       0x44 Drivers/STM32F7xx_HAL_Driver/Src/stm32f7xx_hal.o
 .debug_macro   0x0000000000023bfb      0x15c Drivers/STM32F7xx_HAL_Driver/Src/stm32f7xx_hal.o
 .debug_macro   0x0000000000023d57      0x1cf Drivers/STM32F7xx_HAL_Driver/Src/stm32f7xx_hal_cortex.o
 .debug_macro   0x0000000000023f26      0x205 Drivers/STM32F7xx_HAL_Driver/Src/stm32f7xx_hal_gpio.o
 .debug_macro   0x000000000002412b      0x1ed Drivers/STM32F7xx_HAL_Driver/Src/stm32f7xx_hal_pwr.o
 .debug_macro   0x0000000000024318      0x1e7 Drivers/STM32F7xx_HAL_Driver/Src/stm32f7xx_hal_pwr_ex.o
 .debug_macro   0x00000000000244ff      0x1f3 Drivers/STM32F7xx_HAL_Driver/Src/stm32f7xx_hal_rcc.o
 .debug_macro   0x00000000000246f2      0x1cf Drivers/STM32F7xx_HAL_Driver/Src/stm32f7xx_hal_rcc_ex.o
 .debug_macro   0x00000000000248c1      0x1ec Drivers/STM32F7xx_HAL_Driver/Src/stm32f7xx_hal_uart.o
 .debug_macro   0x0000000000024aad      0x1de Src/Uart3.o
 .debug_macro   0x0000000000024c8b      0xb38 Src/Uart3.o
 .debug_macro   0x00000000000257c3       0x1c Src/Uart3.o
 .debug_macro   0x00000000000257df     0x12cd Src/Uart3.o
 .debug_macro   0x0000000000026aac      0x17b Src/Uart3.o
 .debug_macro   0x0000000000026c27      0x1e8 Src/gpio.o
 .debug_macro   0x0000000000026e0f      0x130 Src/gpio.o
 .debug_macro   0x0000000000026f3f      0x205 Src/main.o
 .debug_macro   0x0000000000027144      0x1de Src/stm32f7xx_hal_msp.o
 .debug_macro   0x0000000000027322      0x1e8 Src/stm32f7xx_it.o
 .debug_macro   0x000000000002750a      0x1d5 Src/system_stm32f7xx.o
 .debug_macro   0x00000000000276df      0x1e8 Src/usart.o

.debug_line     0x0000000000000000     0x8123
 .debug_line    0x0000000000000000      0x8ff Drivers/STM32F7xx_HAL_Driver/Src/stm32f7xx_hal.o
 .debug_line    0x00000000000008ff      0x9df Drivers/STM32F7xx_HAL_Driver/Src/stm32f7xx_hal_cortex.o
 .debug_line    0x00000000000012de      0x8c3 Drivers/STM32F7xx_HAL_Driver/Src/stm32f7xx_hal_gpio.o
 .debug_line    0x0000000000001ba1      0x823 Drivers/STM32F7xx_HAL_Driver/Src/stm32f7xx_hal_pwr.o
 .debug_line    0x00000000000023c4      0x7ff Drivers/STM32F7xx_HAL_Driver/Src/stm32f7xx_hal_pwr_ex.o
 .debug_line    0x0000000000002bc3      0x951 Drivers/STM32F7xx_HAL_Driver/Src/stm32f7xx_hal_rcc.o
 .debug_line    0x0000000000003514      0x8df Drivers/STM32F7xx_HAL_Driver/Src/stm32f7xx_hal_rcc_ex.o
 .debug_line    0x0000000000003df3     0x11c1 Drivers/STM32F7xx_HAL_Driver/Src/stm32f7xx_hal_uart.o
 .debug_line    0x0000000000004fb4      0x70c Src/Uart3.o
 .debug_line    0x00000000000056c0      0x6e8 Src/gpio.o
 .debug_line    0x0000000000005da8      0x73d Src/main.o
 .debug_line    0x00000000000064e5      0x6b1 Src/stm32f7xx_hal_msp.o
 .debug_line    0x0000000000006b96      0x755 Src/stm32f7xx_it.o
 .debug_line    0x00000000000072eb      0x6d0 Src/system_stm32f7xx.o
 .debug_line    0x00000000000079bb      0x6e7 Src/usart.o
 .debug_line    0x00000000000080a2       0x81 Startup/startup_stm32f767zitx.o

.debug_str      0x0000000000000000    0xe8d37
 .debug_str     0x0000000000000000    0xe5e2d Drivers/STM32F7xx_HAL_Driver/Src/stm32f7xx_hal.o
                                      0xe6612 (size before relaxing)
 .debug_str     0x00000000000e5e2d      0x4a3 Drivers/STM32F7xx_HAL_Driver/Src/stm32f7xx_hal_cortex.o
                                      0xe668b (size before relaxing)
 .debug_str     0x00000000000e62d0      0x2ca Drivers/STM32F7xx_HAL_Driver/Src/stm32f7xx_hal_gpio.o
                                      0xe5e6c (size before relaxing)
 .debug_str     0x00000000000e659a      0x2cf Drivers/STM32F7xx_HAL_Driver/Src/stm32f7xx_hal_pwr.o
                                      0xe5f4e (size before relaxing)
 .debug_str     0x00000000000e6869      0x1bd Drivers/STM32F7xx_HAL_Driver/Src/stm32f7xx_hal_pwr_ex.o
                                      0xe5f10 (size before relaxing)
 .debug_str     0x00000000000e6a26      0x366 Drivers/STM32F7xx_HAL_Driver/Src/stm32f7xx_hal_rcc.o
                                      0xe5fbf (size before relaxing)
 .debug_str     0x00000000000e6d8c      0x37c Drivers/STM32F7xx_HAL_Driver/Src/stm32f7xx_hal_rcc_ex.o
                                      0xe5f7f (size before relaxing)
 .debug_str     0x00000000000e7108      0xb1b Drivers/STM32F7xx_HAL_Driver/Src/stm32f7xx_hal_uart.o
                                      0xe6784 (size before relaxing)
 .debug_str     0x00000000000e7c23      0x8ec Src/Uart3.o
                                      0xe6590 (size before relaxing)
 .debug_str     0x00000000000e850f      0x4f0 Src/gpio.o
                                      0xe609d (size before relaxing)
 .debug_str     0x00000000000e89ff      0x1ac Src/main.o
                                      0xe70bb (size before relaxing)
 .debug_str     0x00000000000e8bab       0x1b Src/stm32f7xx_hal_msp.o
                                      0xe6002 (size before relaxing)
 .debug_str     0x00000000000e8bc6       0xb8 Src/stm32f7xx_it.o
                                      0xe5f73 (size before relaxing)
 .debug_str     0x00000000000e8c7e       0x5a Src/system_stm32f7xx.o
                                      0xe5c91 (size before relaxing)
 .debug_str     0x00000000000e8cd8       0x2e Src/usart.o
                                      0xe6509 (size before relaxing)
 .debug_str     0x00000000000e8d06       0x31 Startup/startup_stm32f767zitx.o
                                         0x71 (size before relaxing)

.comment        0x0000000000000000       0x7b
 .comment       0x0000000000000000       0x7b Drivers/STM32F7xx_HAL_Driver/Src/stm32f7xx_hal.o
                                         0x7c (size before relaxing)
 .comment       0x000000000000007b       0x7c Drivers/STM32F7xx_HAL_Driver/Src/stm32f7xx_hal_cortex.o
 .comment       0x000000000000007b       0x7c Drivers/STM32F7xx_HAL_Driver/Src/stm32f7xx_hal_gpio.o
 .comment       0x000000000000007b       0x7c Drivers/STM32F7xx_HAL_Driver/Src/stm32f7xx_hal_pwr.o
 .comment       0x000000000000007b       0x7c Drivers/STM32F7xx_HAL_Driver/Src/stm32f7xx_hal_pwr_ex.o
 .comment       0x000000000000007b       0x7c Drivers/STM32F7xx_HAL_Driver/Src/stm32f7xx_hal_rcc.o
 .comment       0x000000000000007b       0x7c Drivers/STM32F7xx_HAL_Driver/Src/stm32f7xx_hal_rcc_ex.o
 .comment       0x000000000000007b       0x7c Drivers/STM32F7xx_HAL_Driver/Src/stm32f7xx_hal_uart.o
 .comment       0x000000000000007b       0x7c Src/Uart3.o
 .comment       0x000000000000007b       0x7c Src/gpio.o
 .comment       0x000000000000007b       0x7c Src/main.o
 .comment       0x000000000000007b       0x7c Src/stm32f7xx_hal_msp.o
 .comment       0x000000000000007b       0x7c Src/stm32f7xx_it.o
 .comment       0x000000000000007b       0x7c Src/system_stm32f7xx.o
 .comment       0x000000000000007b       0x7c Src/usart.o

.debug_frame    0x0000000000000000     0x1e60
 .debug_frame   0x0000000000000000      0x3f4 Drivers/STM32F7xx_HAL_Driver/Src/stm32f7xx_hal.o
 .debug_frame   0x00000000000003f4      0x498 Drivers/STM32F7xx_HAL_Driver/Src/stm32f7xx_hal_cortex.o
 .debug_frame   0x000000000000088c      0x14c Drivers/STM32F7xx_HAL_Driver/Src/stm32f7xx_hal_gpio.o
 .debug_frame   0x00000000000009d8      0x254 Drivers/STM32F7xx_HAL_Driver/Src/stm32f7xx_hal_pwr.o
 .debug_frame   0x0000000000000c2c      0x1c8 Drivers/STM32F7xx_HAL_Driver/Src/stm32f7xx_hal_pwr_ex.o
 .debug_frame   0x0000000000000df4      0x1f4 Drivers/STM32F7xx_HAL_Driver/Src/stm32f7xx_hal_rcc.o
 .debug_frame   0x0000000000000fe8      0x118 Drivers/STM32F7xx_HAL_Driver/Src/stm32f7xx_hal_rcc_ex.o
 .debug_frame   0x0000000000001100      0x8f4 Drivers/STM32F7xx_HAL_Driver/Src/stm32f7xx_hal_uart.o
 .debug_frame   0x00000000000019f4       0xc8 Src/Uart3.o
 .debug_frame   0x0000000000001abc       0x34 Src/gpio.o
 .debug_frame   0x0000000000001af0       0xb4 Src/main.o
 .debug_frame   0x0000000000001ba4       0x38 Src/stm32f7xx_hal_msp.o
 .debug_frame   0x0000000000001bdc      0x10c Src/stm32f7xx_it.o
 .debug_frame   0x0000000000001ce8       0x58 Src/system_stm32f7xx.o
 .debug_frame   0x0000000000001d40       0x74 Src/usart.o
 .debug_frame   0x0000000000001db4       0x2c c:/st/stm32cubeide_1.0.1/stm32cubeide/plugins/com.st.stm32cube.ide.mcu.externaltools.gnu-tools-for-stm32.7-2018-q2-update.win32_1.0.0.201904181610/tools/bin/../lib/gcc/arm-none-eabi/7.3.1/../../../../arm-none-eabi/lib/thumb/v7e-m/fpv5/hard\libc_nano.a(lib_a-init.o)
 .debug_frame   0x0000000000001de0       0x20 c:/st/stm32cubeide_1.0.1/stm32cubeide/plugins/com.st.stm32cube.ide.mcu.externaltools.gnu-tools-for-stm32.7-2018-q2-update.win32_1.0.0.201904181610/tools/bin/../lib/gcc/arm-none-eabi/7.3.1/../../../../arm-none-eabi/lib/thumb/v7e-m/fpv5/hard\libc_nano.a(lib_a-memset.o)
 .debug_frame   0x0000000000001e00       0x2c c:/st/stm32cubeide_1.0.1/stm32cubeide/plugins/com.st.stm32cube.ide.mcu.externaltools.gnu-tools-for-stm32.7-2018-q2-update.win32_1.0.0.201904181610/tools/bin/../lib/gcc/arm-none-eabi/7.3.1/thumb/v7e-m/fpv5/hard\libgcc.a(_aeabi_uldivmod.o)
 .debug_frame   0x0000000000001e2c       0x34 c:/st/stm32cubeide_1.0.1/stm32cubeide/plugins/com.st.stm32cube.ide.mcu.externaltools.gnu-tools-for-stm32.7-2018-q2-update.win32_1.0.0.201904181610/tools/bin/../lib/gcc/arm-none-eabi/7.3.1/thumb/v7e-m/fpv5/hard\libgcc.a(_udivmoddi4.o)
